// Jest Snapshot v1, https://goo.gl/fbAQLP

exports[`render data 1`] = `"<div class=\\"test\\" data-reactroot=\\"\\"><div>content</div></div>"`;

exports[`render error 1`] = `"<div class=\\"test\\" data-reactroot=\\"\\"><div>custom error</div></div>"`;

exports[`render loading 1`] = `"<div class=\\"test\\" data-reactroot=\\"\\"><div>loading</div></div>"`;
